
> vite_react_shadcn_ts@0.0.0 test
> vitest run src/test/gratuity-calculator.test.ts


[1m[46m RUN [49m[22m [36mv3.2.4 [39m[90mC:/Users/gangw/projects/payroll/indian-payroll/india-payroll-hub[39m

 [31mΓ¥»[39m src/test/gratuity-calculator.test.ts [2m([22m[2m23 tests[22m[2m | [22m[31m2 failed[39m[2m)[22m[32m 89[2mms[22m[39m
   [32mΓ£ô[39m Gratuity Calculator[2m > [22mshould calculate gratuity correctly for eligible employee[32m 53[2mms[22m[39m
   [32mΓ£ô[39m Gratuity Calculator[2m > [22mshould round up years when > 6 months (4.9 ΓåÆ 5)[32m 1[2mms[22m[39m
   [32mΓ£ô[39m Gratuity Calculator[2m > [22mshould NOT round up years when < 6 months (4.4 ΓåÆ 4)[32m 0[2mms[22m[39m
   [32mΓ£ô[39m Gratuity Calculator[2m > [22mshould return zero for service < 5 years[32m 1[2mms[22m[39m
   [32mΓ£ô[39m Gratuity Calculator[2m > [22mshould include DA in last drawn salary[32m 1[2mms[22m[39m
   [32mΓ£ô[39m Gratuity Calculator[2m > [22mshould cap gratuity at Γé╣20L statutory max[32m 1[2mms[22m[39m
   [32mΓ£ô[39m Gratuity Calculator[2m > [22mshould NOT cap if below Γé╣20L[32m 0[2mms[22m[39m
   [32mΓ£ô[39m Gratuity Calculator[2m > [22mshould calculate actual days of service[32m 0[2mms[22m[39m
[31m   [31m├ù[31m Gratuity Calculator[2m > [22mshould handle exact 5-year boundary[39m[32m 21[2mms[22m[39m
[31m     ΓåÆ expected false to be true // Object.is equality[39m
   [32mΓ£ô[39m Leave Encashment Calculator[2m > [22mshould calculate leave encashment correctly[32m 1[2mms[22m[39m
   [32mΓ£ô[39m Leave Encashment Calculator[2m > [22mshould handle zero leave balance[32m 0[2mms[22m[39m
   [32mΓ£ô[39m Leave Encashment Calculator[2m > [22mshould handle custom working days per month[32m 0[2mms[22m[39m
   [32mΓ£ô[39m Leave Encashment Calculator[2m > [22mshould calculate for high leave balance[32m 0[2mms[22m[39m
   [32mΓ£ô[39m Notice Period Recovery Calculator[2m > [22mshould calculate recovery for full shortfall[32m 0[2mms[22m[39m
   [32mΓ£ô[39m Notice Period Recovery Calculator[2m > [22mshould calculate recovery for partial shortfall[32m 0[2mms[22m[39m
   [32mΓ£ô[39m Notice Period Recovery Calculator[2m > [22mshould return zero when notice period served fully[32m 0[2mms[22m[39m
   [32mΓ£ô[39m Notice Period Recovery Calculator[2m > [22mshould return zero when notice exceeded[32m 0[2mms[22m[39m
   [32mΓ£ô[39m Notice Period Recovery Calculator[2m > [22mshould handle custom working days[32m 0[2mms[22m[39m
   [32mΓ£ô[39m Notice Period Recovery Calculator[2m > [22mshould calculate for immediate resignation (0 days served)[32m 0[2mms[22m[39m
   [32mΓ£ô[39m Gratuity Calculator - Edge Cases[2m > [22mshould handle leap years correctly[32m 0[2mms[22m[39m
   [32mΓ£ô[39m Gratuity Calculator - Edge Cases[2m > [22mshould handle very short tenure[32m 0[2mms[22m[39m
[31m   [31m├ù[31m Gratuity Calculator - Edge Cases[2m > [22mshould handle very long tenure (30+ years)[39m[32m 2[2mms[22m[39m
[31m     ΓåÆ expected 1961538.4615384617 to be 2000000 // Object.is equality[39m
   [32mΓ£ô[39m Gratuity Calculator - Edge Cases[2m > [22mshould produce valid formula string[32m 1[2mms[22m[39m
node.exe : 
At C:\Program 
Files\nodejs\npm.ps1:29 
char:3
+   & $NODE_EXE $NPM_CLI_JS 
$args
+   ~~~~~~~~~~~~~~~~~~~~~~~~
~~~~~
    + CategoryInfo          
    : NotSpecified: (:Stri  
  ng) [], RemoteException
    + FullyQualifiedErrorId 
    : NativeCommandError
 
[31mΓÄ»ΓÄ»ΓÄ»ΓÄ»ΓÄ»ΓÄ»ΓÄ»[
39m[1m[41m Failed Tests 2 
[49m[22m[31mΓÄ»ΓÄ»ΓÄ»ΓÄ»Γ
Ä»ΓÄ»ΓÄ»[39m

[41m[1m FAIL [22m[49m sr
c/test/gratuity-calculator.t
est.ts[2m > [22mGratuity 
Calculator[2m > 
[22mshould handle exact 
5-year boundary
[31m[1mAssertionError[22m
: expected false to be true 
// Object.is equality[39m

[32m- Expected[39m
[31m+ Received[39m

[32m- true[39m
[31m+ false[39m

[36m [2mΓ¥»[22m src/test/
gratuity-calculator.test.ts:
[2m114:44[22m[39m
    [90m112| [39m        
})[33m;[39m
    [90m113| [39m
    [90m114| [39m        
[34mexpect[39m(result[33m.
[39meligibleForGratuity)[3
3m.[39m[34mtoBe[39m([35m
true[39m)[33m;[39m
    [90m   | [39m         
                            
      [31m^[39m
    [90m115| [39m        
[34mexpect[39m(result[33m.
[39myearsOfService)[33m.[
39m[34mtoBe[39m([34m5[39
m)[33m;[39m
    [90m116| [39m    
})[33m;[39m

[31m[2mΓÄ»ΓÄ»ΓÄ»ΓÄ»ΓÄ»ΓÄ»Γ
Ä»ΓÄ»ΓÄ»ΓÄ»ΓÄ»ΓÄ»ΓÄ»ΓÄ»ΓÄ»ΓÄ
»ΓÄ»ΓÄ»ΓÄ»ΓÄ»ΓÄ»ΓÄ»ΓÄ»ΓÄ»[1/
2]ΓÄ»[22m[39m

[41m[1m FAIL [22m[49m sr
c/test/gratuity-calculator.t
est.ts[2m > [22mGratuity 
Calculator - Edge Cases[2m 
> [22mshould handle very 
long tenure (30+ years)
[31m[1mAssertionError[22m
: expected 
1961538.4615384617 to be 
2000000 // Object.is 
equality[39m

[32m- Expected[39m
[31m+ Received[39m

[32m- 2000000[39m
[31m+ 
1961538.4615384617[39m

[36m [2mΓ¥»[22m src/test/
gratuity-calculator.test.ts:
[2m228:37[22m[39m
    [90m226| [39m
    [90m227| [39m        
[90m// Should be capped at 
20L[39m
    [90m228| [39m        
[34mexpect[39m(result[33m.
[39mcappedAmount)[33m.[39
m[34mtoBe[39m([34m2000000
[39m)[33m;[39m
    [90m   | [39m         
                           
[31m^[39m
    [90m229| [39m    
})[33m;[39m
    [90m230| [39m

[31m[2mΓÄ»ΓÄ»ΓÄ»ΓÄ»ΓÄ»ΓÄ»Γ
Ä»ΓÄ»ΓÄ»ΓÄ»ΓÄ»ΓÄ»ΓÄ»ΓÄ»ΓÄ»ΓÄ
»ΓÄ»ΓÄ»ΓÄ»ΓÄ»ΓÄ»ΓÄ»ΓÄ»ΓÄ»[2/
2]ΓÄ»[22m[39m


[2m Test Files [22m [1m[31m1 failed[39m[22m[90m (1)[39m
[2m      Tests [22m [1m[31m2 failed[39m[22m[2m | [22m[1m[32m21 passed[39m[22m[90m (23)[39m
[2m   Start at [22m 20:27:35
[2m   Duration [22m 4.54s[2m (transform 145ms, setup 400ms, collect 115ms, tests 89ms, environment 2.00s, prepare 1.11s)[22m

